Warning: You are sending unauthenticated requests to the HF Hub. Please set a HF_TOKEN to enable higher rate limits and faster downloads.
Loading weights:   0%|          | 0/272 [00:00<?, ?it/s]Loading weights:  20%|█▉        | 54/272 [00:00<00:00, 522.76it/s]Loading weights:  54%|█████▍    | 147/272 [00:00<00:00, 724.93it/s]Loading weights: 100%|██████████| 272/272 [00:00<00:00, 877.01it/s]
[transformers] Token indices sequence length is longer than the specified maximum sequence length for this model (304986 > 8192). Running this sequence through the model will result in indexing errors
arm 0a: fp32 anchor, no hooks ...
  fp32_nohooks: ppl = 16.140
arm: passthrough ...
  passthrough: ppl = 16.140
arm: a8 ...
  a8: ppl = 16.780
arm: a4 ...
  a4: ppl = 13773.504
arm: a4_rot ...
  a4_rot: ppl = 27.114
arm: a4_down_only ...
  a4_down_only: ppl = 66.754
arm: a4_qkv_only ...
  a4_qkv_only: ppl = 296.237
arm: a4_o_only ...
  a4_o_only: ppl = 17.238
arm: a4_gateup_only ...
  a4_gateup_only: ppl = 765.573
arm: W4 g=128 + A8 ...
  w4g128_a8: ppl = 25.627
arm: W4 g=128 rotated + A4 rotated ...
  w4g128rot_a4rot: ppl = 53.868
arm: a4_exempt_census ...
  a4_exempt_census: ppl = 254.284
arm: a4_exempt_census_down ...
  a4_exempt_census_down: ppl = 194.402
arm: a4_exempt_random ...
  a4_exempt_random: ppl = 12863.821
wrote e10_e11_actquant_SmolLM2-135M.json
