Fetching 1 files:   0%|          | 0/1 [00:00<?, ?it/s]Fetching 1 files: 100%|██████████| 1/1 [00:00<00:00, 105.62it/s]
model.layers.0.mlp.down_proj.weight                          kurt=    0.56 max/std=   15.9  <-- Q3
model.layers.0.mlp.gate_proj.weight                          kurt=    1.00 max/std=   10.7  <-- Q3
model.layers.0.mlp.up_proj.weight                            kurt=    0.33 max/std=   14.5  <-- Q3
model.layers.0.self_attn.k_proj.weight                       kurt=    2.83 max/std=   14.2  <-- Q3
model.layers.0.self_attn.o_proj.weight                       kurt=    2.46 max/std=   16.3  <-- Q3
model.layers.0.self_attn.q_proj.weight                       kurt=    3.76 max/std=   20.6  <-- Q3
model.layers.0.self_attn.v_proj.weight                       kurt=    0.34 max/std=    6.5  <-- Q3
model.layers.1.mlp.down_proj.weight                          kurt=    0.78 max/std=   16.5  <-- Q3
model.layers.1.mlp.gate_proj.weight                          kurt=    0.48 max/std=   10.0  <-- Q3
model.layers.1.mlp.up_proj.weight                            kurt=    0.66 max/std=   12.6  <-- Q3
model.layers.1.self_attn.k_proj.weight                       kurt=    1.97 max/std=   12.3  <-- Q3
model.layers.1.self_attn.o_proj.weight                       kurt=    0.73 max/std=   10.7  <-- Q3
model.layers.1.self_attn.q_proj.weight                       kurt=    3.63 max/std=   20.8  <-- Q3
model.layers.1.self_attn.v_proj.weight                       kurt=    0.29 max/std=    7.1  <-- Q3
model.layers.10.mlp.down_proj.weight                         kurt=    1.38 max/std=   16.4  <-- Q3
model.layers.10.mlp.gate_proj.weight                         kurt=    1.98 max/std=   15.6  <-- Q3
model.layers.10.mlp.up_proj.weight                           kurt=    0.93 max/std=   16.6  <-- Q3
model.layers.10.self_attn.k_proj.weight                      kurt=    1.26 max/std=    9.6  <-- Q3
model.layers.10.self_attn.o_proj.weight                      kurt=    1.18 max/std=   13.1  <-- Q3
model.layers.10.self_attn.q_proj.weight                      kurt=    2.28 max/std=   12.0  <-- Q3
model.layers.10.self_attn.v_proj.weight                      kurt=    0.40 max/std=    6.2  <-- Q3
model.layers.11.mlp.down_proj.weight                         kurt=    1.13 max/std=   16.1  <-- Q3
model.layers.11.mlp.gate_proj.weight                         kurt=    1.79 max/std=   16.3  <-- Q3
model.layers.11.mlp.up_proj.weight                           kurt=    0.63 max/std=   10.8  <-- Q3
model.layers.11.self_attn.k_proj.weight                      kurt=    3.14 max/std=   14.1  <-- Q3
model.layers.11.self_attn.o_proj.weight                      kurt=    5.53 max/std=   16.9  <-- Q3
model.layers.11.self_attn.q_proj.weight                      kurt=    6.45 max/std=   14.2  <-- Q3
model.layers.11.self_attn.v_proj.weight                      kurt=    1.04 max/std=    8.4  <-- Q3
model.layers.12.mlp.down_proj.weight                         kurt=    1.19 max/std=   19.6  <-- Q3
model.layers.12.mlp.gate_proj.weight                         kurt=    1.34 max/std=   10.7  <-- Q3
model.layers.12.mlp.up_proj.weight                           kurt=    0.68 max/std=   10.9  <-- Q3
model.layers.12.self_attn.k_proj.weight                      kurt=    2.08 max/std=   14.5  <-- Q3
model.layers.12.self_attn.o_proj.weight                      kurt=    0.92 max/std=   12.3  <-- Q3
model.layers.12.self_attn.q_proj.weight                      kurt=    4.12 max/std=   12.2  <-- Q3
model.layers.12.self_attn.v_proj.weight                      kurt=    0.42 max/std=    5.9  <-- Q3
model.layers.13.mlp.down_proj.weight                         kurt=    1.19 max/std=   19.4  <-- Q3
model.layers.13.mlp.gate_proj.weight                         kurt=    2.11 max/std=   17.9  <-- Q3
model.layers.13.mlp.up_proj.weight                           kurt=    0.70 max/std=    9.4  <-- Q3
model.layers.13.self_attn.k_proj.weight                      kurt=    1.94 max/std=   12.3  <-- Q3
model.layers.13.self_attn.o_proj.weight                      kurt=    1.06 max/std=   11.1  <-- Q3
model.layers.13.self_attn.q_proj.weight                      kurt=    4.94 max/std=   15.9  <-- Q3
model.layers.13.self_attn.v_proj.weight                      kurt=    0.43 max/std=    5.9  <-- Q3
model.layers.14.mlp.down_proj.weight                         kurt=    1.19 max/std=   14.7  <-- Q3
model.layers.14.mlp.gate_proj.weight                         kurt=    2.35 max/std=   16.0  <-- Q3
model.layers.14.mlp.up_proj.weight                           kurt=    0.84 max/std=   13.6  <-- Q3
model.layers.14.self_attn.k_proj.weight                      kurt=    3.20 max/std=   14.2  <-- Q3
model.layers.14.self_attn.o_proj.weight                      kurt=    0.97 max/std=   12.7  <-- Q3
model.layers.14.self_attn.q_proj.weight                      kurt=    3.92 max/std=   12.2  <-- Q3
model.layers.14.self_attn.v_proj.weight                      kurt=    0.43 max/std=    6.1  <-- Q3
model.layers.15.mlp.down_proj.weight                         kurt=    1.22 max/std=   16.7  <-- Q3
model.layers.15.mlp.gate_proj.weight                         kurt=    3.26 max/std=   19.4  <-- Q3
model.layers.15.mlp.up_proj.weight                           kurt=    0.89 max/std=   12.8  <-- Q3
model.layers.15.self_attn.k_proj.weight                      kurt=    1.68 max/std=   11.6  <-- Q3
model.layers.15.self_attn.o_proj.weight                      kurt=    1.12 max/std=   14.0  <-- Q3
model.layers.15.self_attn.q_proj.weight                      kurt=    4.94 max/std=   15.9  <-- Q3
model.layers.15.self_attn.v_proj.weight                      kurt=    1.01 max/std=    9.7  <-- Q3
model.layers.16.mlp.down_proj.weight                         kurt=    2.06 max/std=   20.1  <-- Q3
model.layers.16.mlp.gate_proj.weight                         kurt=    2.66 max/std=   14.9  <-- Q3
model.layers.16.mlp.up_proj.weight                           kurt=    1.18 max/std=   15.6  <-- Q3
model.layers.16.self_attn.k_proj.weight                      kurt=   10.71 max/std=   34.8  <-- Q3
model.layers.16.self_attn.o_proj.weight                      kurt=    1.28 max/std=   14.9  <-- Q3
model.layers.16.self_attn.q_proj.weight                      kurt=    7.12 max/std=   13.9  <-- Q3
model.layers.16.self_attn.v_proj.weight                      kurt=    0.68 max/std=    6.3  <-- Q3
model.layers.17.mlp.down_proj.weight                         kurt=    0.95 max/std=   15.5  <-- Q3
model.layers.17.mlp.gate_proj.weight                         kurt=    3.13 max/std=   14.3  <-- Q3
model.layers.17.mlp.up_proj.weight                           kurt=    0.83 max/std=   11.0  <-- Q3
model.layers.17.self_attn.k_proj.weight                      kurt=    1.93 max/std=   11.0  <-- Q3
model.layers.17.self_attn.o_proj.weight                      kurt=    1.32 max/std=   11.7  <-- Q3
model.layers.17.self_attn.q_proj.weight                      kurt=    4.80 max/std=   11.8  <-- Q3
model.layers.17.self_attn.v_proj.weight                      kurt=    0.78 max/std=    7.4  <-- Q3
model.layers.18.mlp.down_proj.weight                         kurt=    1.12 max/std=   18.1  <-- Q3
model.layers.18.mlp.gate_proj.weight                         kurt=    3.95 max/std=   22.1  <-- Q3
model.layers.18.mlp.up_proj.weight                           kurt=    0.91 max/std=   11.8  <-- Q3
model.layers.18.self_attn.k_proj.weight                      kurt=    2.76 max/std=   17.4  <-- Q3
model.layers.18.self_attn.o_proj.weight                      kurt=    0.93 max/std=   11.5  <-- Q3
model.layers.18.self_attn.q_proj.weight                      kurt=    6.42 max/std=   13.7  <-- Q3
model.layers.18.self_attn.v_proj.weight                      kurt=    0.66 max/std=    6.9  <-- Q3
model.layers.19.mlp.down_proj.weight                         kurt=    1.66 max/std=   16.1  <-- Q3
model.layers.19.mlp.gate_proj.weight                         kurt=    3.47 max/std=   16.3  <-- Q3
model.layers.19.mlp.up_proj.weight                           kurt=    1.58 max/std=   21.2  <-- Q3
model.layers.19.self_attn.k_proj.weight                      kurt=    2.62 max/std=   18.0  <-- Q3
model.layers.19.self_attn.o_proj.weight                      kurt=    1.02 max/std=   12.3  <-- Q3
model.layers.19.self_attn.q_proj.weight                      kurt=    7.59 max/std=   12.7  <-- Q3
model.layers.19.self_attn.v_proj.weight                      kurt=    1.53 max/std=    7.9  <-- Q3
model.layers.2.mlp.down_proj.weight                          kurt=    1.83 max/std=   24.6  <-- Q3
model.layers.2.mlp.gate_proj.weight                          kurt=    0.70 max/std=   10.2  <-- Q3
model.layers.2.mlp.up_proj.weight                            kurt=    0.70 max/std=   22.4  <-- Q3
model.layers.2.self_attn.k_proj.weight                       kurt=    1.91 max/std=    9.2  <-- Q3
model.layers.2.self_attn.o_proj.weight                       kurt=    1.16 max/std=   12.1  <-- Q3
model.layers.2.self_attn.q_proj.weight                       kurt=    3.80 max/std=   17.2  <-- Q3
model.layers.2.self_attn.v_proj.weight                       kurt=    0.62 max/std=    6.5  <-- Q3
model.layers.20.mlp.down_proj.weight                         kurt=    1.20 max/std=   19.0  <-- Q3
model.layers.20.mlp.gate_proj.weight                         kurt=    2.64 max/std=   21.8  <-- Q3
model.layers.20.mlp.up_proj.weight                           kurt=    0.88 max/std=   16.1  <-- Q3
model.layers.20.self_attn.k_proj.weight                      kurt=    2.64 max/std=   12.8  <-- Q3
model.layers.20.self_attn.o_proj.weight                      kurt=    1.34 max/std=   14.6  <-- Q3
model.layers.20.self_attn.q_proj.weight                      kurt=    7.51 max/std=   13.2  <-- Q3
model.layers.20.self_attn.v_proj.weight                      kurt=    1.75 max/std=   10.0  <-- Q3
model.layers.21.mlp.down_proj.weight                         kurt=    0.96 max/std=   19.9  <-- Q3
model.layers.21.mlp.gate_proj.weight                         kurt=    2.31 max/std=   22.0  <-- Q3
model.layers.21.mlp.up_proj.weight                           kurt=    0.97 max/std=   19.6  <-- Q3
model.layers.21.self_attn.k_proj.weight                      kurt=    5.48 max/std=   24.8  <-- Q3
model.layers.21.self_attn.o_proj.weight                      kurt=    1.46 max/std=   11.8  <-- Q3
model.layers.21.self_attn.q_proj.weight                      kurt=    6.12 max/std=   11.9  <-- Q3
model.layers.21.self_attn.v_proj.weight                      kurt=    2.05 max/std=    8.9  <-- Q3
model.layers.22.mlp.down_proj.weight                         kurt=    0.90 max/std=   20.0  <-- Q3
model.layers.22.mlp.gate_proj.weight                         kurt=    1.81 max/std=   23.5  <-- Q3
model.layers.22.mlp.up_proj.weight                           kurt=    0.57 max/std=   18.8  <-- Q3
model.layers.22.self_attn.k_proj.weight                      kurt=    2.07 max/std=   11.4  <-- Q3
model.layers.22.self_attn.o_proj.weight                      kurt=    0.76 max/std=   12.5  <-- Q3
model.layers.22.self_attn.q_proj.weight                      kurt=    5.29 max/std=   10.3  <-- Q3
model.layers.22.self_attn.v_proj.weight                      kurt=    1.15 max/std=    8.4  <-- Q3
model.layers.23.mlp.down_proj.weight                         kurt=    0.96 max/std=   21.5  <-- Q3
model.layers.23.mlp.gate_proj.weight                         kurt=    0.97 max/std=   17.1  <-- Q3
model.layers.23.mlp.up_proj.weight                           kurt=    0.49 max/std=   21.3  <-- Q3
model.layers.23.self_attn.k_proj.weight                      kurt=    2.37 max/std=   11.2  <-- Q3
model.layers.23.self_attn.o_proj.weight                      kurt=    0.66 max/std=   10.5  <-- Q3
model.layers.23.self_attn.q_proj.weight                      kurt=    4.88 max/std=   12.6  <-- Q3
model.layers.23.self_attn.v_proj.weight                      kurt=    1.49 max/std=   10.6  <-- Q3
model.layers.24.mlp.down_proj.weight                         kurt=    0.70 max/std=   14.6  <-- Q3
model.layers.24.mlp.gate_proj.weight                         kurt=    1.03 max/std=   21.0  <-- Q3
model.layers.24.mlp.up_proj.weight                           kurt=    0.35 max/std=   13.3  <-- Q3
model.layers.24.self_attn.k_proj.weight                      kurt=    2.56 max/std=    9.7  <-- Q3
model.layers.24.self_attn.o_proj.weight                      kurt=    0.56 max/std=    9.5  <-- Q3
model.layers.24.self_attn.q_proj.weight                      kurt=    6.00 max/std=   13.4  <-- Q3
model.layers.24.self_attn.v_proj.weight                      kurt=    1.01 max/std=    7.3  <-- Q3
model.layers.25.mlp.down_proj.weight                         kurt=    0.55 max/std=   18.4  <-- Q3
model.layers.25.mlp.gate_proj.weight                         kurt=    1.28 max/std=   17.9  <-- Q3
model.layers.25.mlp.up_proj.weight                           kurt=    0.54 max/std=   19.6  <-- Q3
model.layers.25.self_attn.k_proj.weight                      kurt=    2.13 max/std=    8.5  <-- Q3
model.layers.25.self_attn.o_proj.weight                      kurt=    0.55 max/std=    8.5  <-- Q3
model.layers.25.self_attn.q_proj.weight                      kurt=    5.62 max/std=   11.9  <-- Q3
model.layers.25.self_attn.v_proj.weight                      kurt=    0.95 max/std=    7.1  <-- Q3
model.layers.26.mlp.down_proj.weight                         kurt=    0.77 max/std=   20.2  <-- Q3
model.layers.26.mlp.gate_proj.weight                         kurt=    4.90 max/std=   38.0  <-- Q3
model.layers.26.mlp.up_proj.weight                           kurt=    2.08 max/std=   32.2  <-- Q3
model.layers.26.self_attn.k_proj.weight                      kurt=    2.04 max/std=   10.2  <-- Q3
model.layers.26.self_attn.o_proj.weight                      kurt=    1.90 max/std=   14.4  <-- Q3
model.layers.26.self_attn.q_proj.weight                      kurt=    4.74 max/std=    9.6  <-- Q3
model.layers.26.self_attn.v_proj.weight                      kurt=    0.60 max/std=    6.5  <-- Q3
model.layers.27.mlp.down_proj.weight                         kurt=    1.51 max/std=   20.6  <-- Q3
model.layers.27.mlp.gate_proj.weight                         kurt=   15.86 max/std=   37.7  <-- Q3
model.layers.27.mlp.up_proj.weight                           kurt=   10.41 max/std=   37.7  <-- Q3
model.layers.27.self_attn.k_proj.weight                      kurt=    1.87 max/std=   24.0  <-- Q3
model.layers.27.self_attn.o_proj.weight                      kurt=    0.31 max/std=   10.5  <-- Q3
model.layers.27.self_attn.q_proj.weight                      kurt=    2.50 max/std=   13.9  <-- Q3
model.layers.27.self_attn.v_proj.weight                      kurt=    0.29 max/std=    8.1  <-- Q3
model.layers.3.mlp.down_proj.weight                          kurt=    0.57 max/std=   16.4  <-- Q3
model.layers.3.mlp.gate_proj.weight                          kurt=    0.58 max/std=   12.0  <-- Q3
model.layers.3.mlp.up_proj.weight                            kurt=    0.48 max/std=   12.1  <-- Q3
model.layers.3.self_attn.k_proj.weight                       kurt=    3.78 max/std=   19.1  <-- Q3
model.layers.3.self_attn.o_proj.weight                       kurt=    0.82 max/std=   10.3  <-- Q3
model.layers.3.self_attn.q_proj.weight                       kurt=    3.72 max/std=   14.2  <-- Q3
model.layers.3.self_attn.v_proj.weight                       kurt=    0.69 max/std=   12.8  <-- Q3
model.layers.4.mlp.down_proj.weight                          kurt=    0.69 max/std=   16.1  <-- Q3
model.layers.4.mlp.gate_proj.weight                          kurt=    0.59 max/std=   10.9  <-- Q3
model.layers.4.mlp.up_proj.weight                            kurt=    0.42 max/std=   10.7  <-- Q3
model.layers.4.self_attn.k_proj.weight                       kurt=    2.87 max/std=   13.4  <-- Q3
model.layers.4.self_attn.o_proj.weight                       kurt=    0.89 max/std=   13.4  <-- Q3
model.layers.4.self_attn.q_proj.weight                       kurt=    2.35 max/std=   18.5  <-- Q3
model.layers.4.self_attn.v_proj.weight                       kurt=    0.49 max/std=    6.9  <-- Q3
model.layers.5.mlp.down_proj.weight                          kurt=    0.63 max/std=   16.2  <-- Q3
model.layers.5.mlp.gate_proj.weight                          kurt=    0.70 max/std=   16.6  <-- Q3
model.layers.5.mlp.up_proj.weight                            kurt=    0.47 max/std=   14.1  <-- Q3
model.layers.5.self_attn.k_proj.weight                       kurt=    1.48 max/std=   14.5  <-- Q3
model.layers.5.self_attn.o_proj.weight                       kurt=    1.80 max/std=   22.1  <-- Q3
model.layers.5.self_attn.q_proj.weight                       kurt=    3.24 max/std=   14.0  <-- Q3
model.layers.5.self_attn.v_proj.weight                       kurt=    0.81 max/std=    7.4  <-- Q3
model.layers.6.mlp.down_proj.weight                          kurt=    0.85 max/std=   28.1  <-- Q3
model.layers.6.mlp.gate_proj.weight                          kurt=    0.64 max/std=    9.3  <-- Q3
model.layers.6.mlp.up_proj.weight                            kurt=    0.39 max/std=   10.7  <-- Q3
model.layers.6.self_attn.k_proj.weight                       kurt=    3.99 max/std=   18.3  <-- Q3
model.layers.6.self_attn.o_proj.weight                       kurt=    0.97 max/std=   14.3  <-- Q3
model.layers.6.self_attn.q_proj.weight                       kurt=    6.29 max/std=   14.4  <-- Q3
model.layers.6.self_attn.v_proj.weight                       kurt=    0.59 max/std=    5.9  <-- Q3
model.layers.7.mlp.down_proj.weight                          kurt=    0.96 max/std=   23.1  <-- Q3
model.layers.7.mlp.gate_proj.weight                          kurt=    0.73 max/std=    9.8  <-- Q3
model.layers.7.mlp.up_proj.weight                            kurt=    0.56 max/std=   11.1  <-- Q3
model.layers.7.self_attn.k_proj.weight                       kurt=    1.30 max/std=   10.3  <-- Q3
model.layers.7.self_attn.o_proj.weight                       kurt=    0.70 max/std=   13.2  <-- Q3
model.layers.7.self_attn.q_proj.weight                       kurt=    2.62 max/std=   13.8  <-- Q3
model.layers.7.self_attn.v_proj.weight                       kurt=    0.63 max/std=   18.3  <-- Q3
model.layers.8.mlp.down_proj.weight                          kurt=    0.81 max/std=   15.1  <-- Q3
model.layers.8.mlp.gate_proj.weight                          kurt=    1.16 max/std=   25.0  <-- Q3
model.layers.8.mlp.up_proj.weight                            kurt=    0.44 max/std=   16.6  <-- Q3
model.layers.8.self_attn.k_proj.weight                       kurt=    7.13 max/std=   24.9  <-- Q3
model.layers.8.self_attn.o_proj.weight                       kurt=    0.91 max/std=   13.7  <-- Q3
model.layers.8.self_attn.q_proj.weight                       kurt=    3.79 max/std=   11.2  <-- Q3
model.layers.8.self_attn.v_proj.weight                       kurt=    0.37 max/std=    7.2  <-- Q3
model.layers.9.mlp.down_proj.weight                          kurt=    0.97 max/std=   16.6  <-- Q3
model.layers.9.mlp.gate_proj.weight                          kurt=    1.28 max/std=   13.4  <-- Q3
model.layers.9.mlp.up_proj.weight                            kurt=    0.51 max/std=    9.5  <-- Q3
model.layers.9.self_attn.k_proj.weight                       kurt=    5.60 max/std=   20.1  <-- Q3
model.layers.9.self_attn.o_proj.weight                       kurt=    1.83 max/std=   14.0  <-- Q3
model.layers.9.self_attn.q_proj.weight                       kurt=    3.85 max/std=   12.0  <-- Q3
model.layers.9.self_attn.v_proj.weight                       kurt=    0.93 max/std=   12.9  <-- Q3

== Q3 across 196 tensors: rotate-only mean MSE gain 1.305x | split-then-rotate 1.306x
wrote phase1_results_Qwen3-0_6B.json
