Warning: You are sending unauthenticated requests to the HF Hub. Please set a HF_TOKEN to enable higher rate limits and faster downloads.
Loading weights:   0%|          | 0/272 [00:00<?, ?it/s]Loading weights: 100%|██████████| 272/272 [00:00<00:00, 5888.02it/s]
[transformers] Token indices sequence length is longer than the specified maximum sequence length for this model (304986 > 8192). Running this sequence through the model will result in indexing errors
arm 1+2: census over 4096 wikitext tokens ...
{
 "activation_top10": [
  {
   "ch": 507,
   "best_ratio": 331.93218994140625,
   "layers": 25
  },
  {
   "ch": 260,
   "best_ratio": 325.4854431152344,
   "layers": 20
  },
  {
   "ch": 100,
   "best_ratio": 325.45721435546875,
   "layers": 23
  },
  {
   "ch": 371,
   "best_ratio": 171.61473083496094,
   "layers": 19
  },
  {
   "ch": 506,
   "best_ratio": 134.45863342285156,
   "layers": 11
  },
  {
   "ch": 50,
   "best_ratio": 123.96844482421875,
   "layers": 13
  },
  {
   "ch": 17,
   "best_ratio": 121.99053955078125,
   "layers": 10
  },
  {
   "ch": 59,
   "best_ratio": 107.24321746826172,
   "layers": 12
  },
  {
   "ch": 247,
   "best_ratio": 105.41175842285156,
   "layers": 6
  },
  {
   "ch": 248,
   "best_ratio": 83.1401596069336,
   "layers": 14
  }
 ],
 "census_top10": [
  100,
  507,
  446,
  371,
  247,
  260,
  17,
  8,
  261,
  162
 ],
 "overlap": [
  17,
  100,
  247,
  260,
  371,
  507
 ],
 "overlap_count": 6
}
arm 3: near-empty prompt ...
arm 4: iterative super-weight extraction ...
  terminated: max_rounds_cap
  round 0: L11 down_proj[507,1229] ratio 25817.2 w=5.8750
  round 1: L11 down_proj[507,1487] ratio 7281.8 w=6.0625
  round 2: L28 down_proj[507,678] ratio 4786.1 w=-5.8125
  round 3: L11 down_proj[247,1229] ratio 1717.0 w=0.4043
  round 4: L2 down_proj[507,90] ratio 1352.9 w=5.0938
  round 5: L9 down_proj[507,200] ratio 1170.3 w=4.6562
  round 6: L2 down_proj[507,430] ratio 627.9 w=-5.3125
  round 7: L11 down_proj[100,1229] ratio 355.7 w=-0.0190
  round 8: L11 down_proj[14,1229] ratio 351.3 w=0.2305
  round 9: L11 down_proj[100,1487] ratio 328.9 w=-0.6289
  round 10: L2 down_proj[260,90] ratio 285.9 w=-0.9648
  round 11: L11 down_proj[308,1229] ratio 410.9 w=0.1387
  round 12: L11 down_proj[230,1229] ratio 360.4 w=-0.1504
  round 13: L11 down_proj[371,1229] ratio 332.6 w=0.1133
  round 14: L28 down_proj[247,678] ratio 330.8 w=-0.4590
  round 15: L11 down_proj[59,1229] ratio 321.2 w=-0.1396
  round 16: L11 down_proj[247,1487] ratio 308.2 w=0.3984
  round 17: L28 down_proj[17,678] ratio 300.8 w=0.3691
  round 18: L11 down_proj[260,1229] ratio 262.5 w=0.4980
  round 19: L11 down_proj[260,1487] ratio 763.1 w=-0.9258
best residual max/median = 331.9  (100x gate: True, 30x kill-floor: True)
wrote e8_activation_census_SmolLM2-135M.json
