Warning: You are sending unauthenticated requests to the HF Hub. Please set a HF_TOKEN to enable higher rate limits and faster downloads.
Loading weights:   0%|          | 0/272 [00:00<?, ?it/s]Loading weights: 100%|██████████| 272/272 [00:00<00:00, 5205.35it/s]
[transformers] Token indices sequence length is longer than the specified maximum sequence length for this model (304986 > 8192). Running this sequence through the model will result in indexing errors
bf16 baseline ...
  bf16: ppl = 16.150
arm 1: W4 per-channel RTN (E7 anchor) ...
  w4_perchannel: ppl = 36.435  n_changed=0 shrink=None
arm 2: W4 g=128 RTN ...
  w4_g128: ppl = 24.896  n_changed=0 shrink=None
arm 3: g=128 + clip grid ...
  w4_g128_clip: ppl = 26.917  n_changed=0 shrink=None
arm 4: g=128 + hold-out top-64 ...
  w4_g128_holdout_top64: ppl = 24.870  n_changed=63 shrink=2.9746774597495205
arm 4: g=128 + hold-out top-512 ...
  w4_g128_holdout_top512: ppl = 25.342  n_changed=511 shrink=3.1983936728087463
arm 5: g=128 + hold-out 20 E8 super-weight coords + clip ...
  w4_g128_holdout_e8coords_clip: ppl = 26.541  n_changed=20 shrink=2.3866479221062784
arm 6: per-channel + restore exact-64 by topk index ...
  w4_perchannel_restore_exact64: ppl = 36.171  n_changed=40 shrink=None
wrote e9_holdout_w4_SmolLM2-135M.json
